Gebruiker@Gebruiker-PC MINGW64 ~
$ ls
 0
 AppData/
'Application Data'@
 class21cli/
 CLI
'CLI Homework 1'/
 CLIHomeWork1/
 Contacts/
 Cookies@
 Desktop/
 Documents/
 Downloads/
 Favorites/
'Google Drive'/
 greetings,txt
 greetings.txt
 grretings.txt
 Links/
'Local Settings'@
 longfile.txt
'Menu Start'@
'Mijn documenten'@
 Music/
 NetHood@
 Netwerkprinteromgeving@
 NTUSER.DAT
 ntuser.dat.LOG1
 ntuser.dat.LOG2
 NTUSER.DAT{016888bd-6c6f-11de-8d1d-001e0bcde3ec}.TM.blf
 NTUSER.DAT{016888bd-6c6f-11de-8d1d-001e0bcde3ec}.TMContainer00000000000000000001.regtrans-ms
 NTUSER.DAT{016888bd-6c6f-11de-8d1d-001e0bcde3ec}.TMContainer00000000000000000002.regtrans-ms
 ntuser.ini
 Pictures/
 Recent@
'Saved Games'/
 Searches/
 SendTo@
 Sjablonen@
 Tracing/
 Videos/

Gebruiker@Gebruiker-PC MINGW64 ~
$ pwd
/c/Users/Gebruiker

Gebruiker@Gebruiker-PC MINGW64 ~
$ mkdir
mkdir: missing operand
Try 'mkdir --help' for more information.

Gebruiker@Gebruiker-PC MINGW64 ~
$ mkdir CLIHomeWork1
mkdir: cannot create directory ‘CLIHomeWork1’: File exists

Gebruiker@Gebruiker-PC MINGW64 ~
$ mkdir CLIHomeWork3

Gebruiker@Gebruiker-PC MINGW64 ~
$ cd CLIHomeWork3

Gebruiker@Gebruiker-PC MINGW64 ~/CLIHomeWork3
$ echo 'too alte'
too alte

Gebruiker@Gebruiker-PC MINGW64 ~/CLIHomeWork3
$ ls -a
./  ../

Gebruiker@Gebruiker-PC MINGW64 ~/CLIHomeWork3
$ cd ..

Gebruiker@Gebruiker-PC MINGW64 ~
$ touch CLI0

Gebruiker@Gebruiker-PC MINGW64 ~
$ explorer .

Gebruiker@Gebruiker-PC MINGW64 ~
$ explorer ..

Gebruiker@Gebruiker-PC MINGW64 ~
$ echo 'too late'> homework

Gebruiker@Gebruiker-PC MINGW64 ~
$ cat homework
too late

Gebruiker@Gebruiker-PC MINGW64 ~
$ vim homework

Gebruiker@Gebruiker-PC MINGW64 ~
$ for i in {1..20}; do echo $i; done> homework

Gebruiker@Gebruiker-PC MINGW64 ~
$ cat homework
1
2
3
4
5
6
7
8
9
10
11
12
13
14
15
16
17
18
19
20

Gebruiker@Gebruiker-PC MINGW64 ~
$ less homework

Gebruiker@Gebruiker-PC MINGW64 ~
$ wc homework
20 20 51 homework

Gebruiker@Gebruiker-PC MINGW64 ~
$ man wc
bash: man: command not found

Gebruiker@Gebruiker-PC MINGW64 ~
$
